[0.034s] Invoking command in '/home/sky/elly_lp/build/myagv_description': CMAKE_PREFIX_PATH=/opt/ros/galactic /usr/bin/cmake --build /home/sky/elly_lp/build/myagv_description -- -j16 -l16
[0.134s] Invoked command in '/home/sky/elly_lp/build/myagv_description' returned '0': CMAKE_PREFIX_PATH=/opt/ros/galactic /usr/bin/cmake --build /home/sky/elly_lp/build/myagv_description -- -j16 -l16
[0.170s] Invoking command in '/home/sky/elly_lp/build/myagv_description': CMAKE_PREFIX_PATH=/opt/ros/galactic /usr/bin/cmake --install /home/sky/elly_lp/build/myagv_description
[0.190s] -- Install configuration: ""
[0.191s] -- Execute custom install script
[0.192s] -- Up-to-date symlink: /home/sky/elly_lp/install/myagv_description/share/myagv_description/meshes/myagv_base.dae
[0.193s] -- Up-to-date symlink: /home/sky/elly_lp/install/myagv_description/share/myagv_description/meshes/myagv_up.dae
[0.193s] -- Up-to-date symlink: /home/sky/elly_lp/install/myagv_description/share/myagv_description/urdf/myAGV.urdf
[0.194s] -- Up-to-date symlink: /home/sky/elly_lp/install/myagv_description/share/ament_index/resource_index/package_run_dependencies/myagv_description
[0.195s] -- Up-to-date symlink: /home/sky/elly_lp/install/myagv_description/share/ament_index/resource_index/parent_prefix_path/myagv_description
[0.195s] -- Up-to-date symlink: /home/sky/elly_lp/install/myagv_description/share/myagv_description/environment/ament_prefix_path.sh
[0.196s] -- Up-to-date symlink: /home/sky/elly_lp/install/myagv_description/share/myagv_description/environment/ament_prefix_path.dsv
[0.196s] -- Up-to-date symlink: /home/sky/elly_lp/install/myagv_description/share/myagv_description/environment/path.sh
[0.197s] -- Up-to-date symlink: /home/sky/elly_lp/install/myagv_description/share/myagv_description/environment/path.dsv
[0.197s] -- Up-to-date symlink: /home/sky/elly_lp/install/myagv_description/share/myagv_description/local_setup.bash
[0.198s] -- Up-to-date symlink: /home/sky/elly_lp/install/myagv_description/share/myagv_description/local_setup.sh
[0.199s] -- Up-to-date symlink: /home/sky/elly_lp/install/myagv_description/share/myagv_description/local_setup.zsh
[0.199s] -- Up-to-date symlink: /home/sky/elly_lp/install/myagv_description/share/myagv_description/local_setup.dsv
[0.200s] -- Symlinking: /home/sky/elly_lp/install/myagv_description/share/myagv_description/package.dsv
[0.226s] -- Up-to-date symlink: /home/sky/elly_lp/install/myagv_description/share/ament_index/resource_index/packages/myagv_description
[0.227s] -- Up-to-date symlink: /home/sky/elly_lp/install/myagv_description/share/myagv_description/cmake/myagv_descriptionConfig.cmake
[0.227s] -- Up-to-date symlink: /home/sky/elly_lp/install/myagv_description/share/myagv_description/cmake/myagv_descriptionConfig-version.cmake
[0.228s] -- Up-to-date symlink: /home/sky/elly_lp/install/myagv_description/share/myagv_description/package.xml
[0.233s] Invoked command in '/home/sky/elly_lp/build/myagv_description' returned '0': CMAKE_PREFIX_PATH=/opt/ros/galactic /usr/bin/cmake --install /home/sky/elly_lp/build/myagv_description
