[0.047s] Invoking command in '/home/sky/elly_lp/build/myagv_description': CMAKE_PREFIX_PATH=${CMAKE_PREFIX_PATH}:/opt/ros/galactic /usr/bin/cmake --build /home/sky/elly_lp/build/myagv_description -- -j16 -l16
[0.192s] Invoked command in '/home/sky/elly_lp/build/myagv_description' returned '0': CMAKE_PREFIX_PATH=${CMAKE_PREFIX_PATH}:/opt/ros/galactic /usr/bin/cmake --build /home/sky/elly_lp/build/myagv_description -- -j16 -l16
[0.232s] Invoking command in '/home/sky/elly_lp/build/myagv_description': CMAKE_PREFIX_PATH=${CMAKE_PREFIX_PATH}:/opt/ros/galactic /usr/bin/cmake --install /home/sky/elly_lp/build/myagv_description
[0.253s] -- Install configuration: ""
[0.255s] -- Execute custom install script
[0.257s] -- Up-to-date symlink: /home/sky/elly_lp/install/myagv_description/share/myagv_description/meshes/myagv_base.dae
[0.258s] -- Up-to-date symlink: /home/sky/elly_lp/install/myagv_description/share/myagv_description/meshes/myagv_up.dae
[0.259s] -- Up-to-date symlink: /home/sky/elly_lp/install/myagv_description/share/myagv_description/urdf/myAGV.urdf
[0.259s] -- Up-to-date symlink: /home/sky/elly_lp/install/myagv_description/share/ament_index/resource_index/package_run_dependencies/myagv_description
[0.261s] -- Up-to-date symlink: /home/sky/elly_lp/install/myagv_description/share/ament_index/resource_index/parent_prefix_path/myagv_description
[0.262s] -- Up-to-date symlink: /home/sky/elly_lp/install/myagv_description/share/myagv_description/environment/ament_prefix_path.sh
[0.262s] -- Up-to-date symlink: /home/sky/elly_lp/install/myagv_description/share/myagv_description/environment/ament_prefix_path.dsv
[0.263s] -- Up-to-date symlink: /home/sky/elly_lp/install/myagv_description/share/myagv_description/environment/path.sh
[0.264s] -- Up-to-date symlink: /home/sky/elly_lp/install/myagv_description/share/myagv_description/environment/path.dsv
[0.265s] -- Up-to-date symlink: /home/sky/elly_lp/install/myagv_description/share/myagv_description/local_setup.bash
[0.266s] -- Up-to-date symlink: /home/sky/elly_lp/install/myagv_description/share/myagv_description/local_setup.sh
[0.267s] -- Up-to-date symlink: /home/sky/elly_lp/install/myagv_description/share/myagv_description/local_setup.zsh
[0.267s] -- Up-to-date symlink: /home/sky/elly_lp/install/myagv_description/share/myagv_description/local_setup.dsv
[0.268s] -- Symlinking: /home/sky/elly_lp/install/myagv_description/share/myagv_description/package.dsv
[0.293s] -- Up-to-date symlink: /home/sky/elly_lp/install/myagv_description/share/ament_index/resource_index/packages/myagv_description
[0.295s] -- Up-to-date symlink: /home/sky/elly_lp/install/myagv_description/share/myagv_description/cmake/myagv_descriptionConfig.cmake
[0.296s] -- Up-to-date symlink: /home/sky/elly_lp/install/myagv_description/share/myagv_description/cmake/myagv_descriptionConfig-version.cmake
[0.296s] -- Up-to-date symlink: /home/sky/elly_lp/install/myagv_description/share/myagv_description/package.xml
[0.303s] Invoked command in '/home/sky/elly_lp/build/myagv_description' returned '0': CMAKE_PREFIX_PATH=${CMAKE_PREFIX_PATH}:/opt/ros/galactic /usr/bin/cmake --install /home/sky/elly_lp/build/myagv_description
