[0.040s] Invoking command in '/home/sky/elly_lp/build/myagv_description': CMAKE_PREFIX_PATH=/opt/ros/galactic /usr/bin/cmake /home/sky/elly_lp/src/myagv_description -DAMENT_CMAKE_SYMLINK_INSTALL=1 -DCMAKE_INSTALL_PREFIX=/home/sky/elly_lp/install/myagv_description
[0.367s] -- The C compiler identification is GNU 9.4.0
[0.809s] -- The CXX compiler identification is GNU 9.4.0
[1.019s] -- Check for working C compiler: /usr/bin/cc
[1.316s] -- Check for working C compiler: /usr/bin/cc -- works
[1.318s] -- Detecting C compiler ABI info
[1.608s] -- Detecting C compiler ABI info - done
[1.625s] -- Detecting C compile features
[1.626s] -- Detecting C compile features - done
[1.631s] -- Check for working CXX compiler: /usr/bin/c++
[1.953s] -- Check for working CXX compiler: /usr/bin/c++ -- works
[1.954s] -- Detecting CXX compiler ABI info
[2.292s] -- Detecting CXX compiler ABI info - done
[2.310s] -- Detecting CXX compile features
[2.310s] -- Detecting CXX compile features - done
[2.316s] -- Found ament_cmake: 1.1.6 (/opt/ros/galactic/share/ament_cmake/cmake)
[2.363s] -- Found PythonInterp: /usr/bin/python3 (found suitable version "3.8.10", minimum required is "3") 
[2.364s] -- Using PYTHON_EXECUTABLE: /usr/bin/python3
[2.471s] -- Override CMake install command with custom implementation using symlinks instead of copying resources
[2.523s] -- Found urdf: 2.5.2 (/opt/ros/galactic/share/urdf/cmake)
[4.393s] -- Found ament_lint_auto: 0.10.7 (/opt/ros/galactic/share/ament_lint_auto/cmake)
[4.540s] -- Added test 'copyright' to check source files copyright and LICENSE
[4.545s] -- Added test 'lint_cmake' to check CMake code style
[4.549s] -- Added test 'xmllint' to check XML markup files
[4.556s] -- Configuring done
[4.572s] -- Generating done
[4.578s] -- Build files have been written to: /home/sky/elly_lp/build/myagv_description
[4.591s] Invoked command in '/home/sky/elly_lp/build/myagv_description' returned '0': CMAKE_PREFIX_PATH=/opt/ros/galactic /usr/bin/cmake /home/sky/elly_lp/src/myagv_description -DAMENT_CMAKE_SYMLINK_INSTALL=1 -DCMAKE_INSTALL_PREFIX=/home/sky/elly_lp/install/myagv_description
[4.599s] Invoking command in '/home/sky/elly_lp/build/myagv_description': CMAKE_PREFIX_PATH=/opt/ros/galactic /usr/bin/cmake --build /home/sky/elly_lp/build/myagv_description -- -j16 -l16
[4.702s] Invoked command in '/home/sky/elly_lp/build/myagv_description' returned '0': CMAKE_PREFIX_PATH=/opt/ros/galactic /usr/bin/cmake --build /home/sky/elly_lp/build/myagv_description -- -j16 -l16
[4.738s] Invoking command in '/home/sky/elly_lp/build/myagv_description': CMAKE_PREFIX_PATH=/opt/ros/galactic /usr/bin/cmake --install /home/sky/elly_lp/build/myagv_description
[4.759s] -- Install configuration: ""
[4.760s] -- Execute custom install script
[4.765s] -- Symlinking: /home/sky/elly_lp/install/myagv_description/share/myagv_description/meshes/myagv_base.dae
[4.789s] -- Symlinking: /home/sky/elly_lp/install/myagv_description/share/myagv_description/meshes/myagv_up.dae
[4.815s] -- Symlinking: /home/sky/elly_lp/install/myagv_description/share/myagv_description/urdf/myAGV.urdf
[4.843s] -- Symlinking: /home/sky/elly_lp/install/myagv_description/share/ament_index/resource_index/package_run_dependencies/myagv_description
[4.869s] -- Symlinking: /home/sky/elly_lp/install/myagv_description/share/ament_index/resource_index/parent_prefix_path/myagv_description
[4.895s] -- Symlinking: /home/sky/elly_lp/install/myagv_description/share/myagv_description/environment/ament_prefix_path.sh
[4.921s] -- Symlinking: /home/sky/elly_lp/install/myagv_description/share/myagv_description/environment/ament_prefix_path.dsv
[4.948s] -- Symlinking: /home/sky/elly_lp/install/myagv_description/share/myagv_description/environment/path.sh
[4.973s] -- Symlinking: /home/sky/elly_lp/install/myagv_description/share/myagv_description/environment/path.dsv
[4.999s] -- Symlinking: /home/sky/elly_lp/install/myagv_description/share/myagv_description/local_setup.bash
[5.028s] -- Symlinking: /home/sky/elly_lp/install/myagv_description/share/myagv_description/local_setup.sh
[5.053s] -- Symlinking: /home/sky/elly_lp/install/myagv_description/share/myagv_description/local_setup.zsh
[5.079s] -- Symlinking: /home/sky/elly_lp/install/myagv_description/share/myagv_description/local_setup.dsv
[5.106s] -- Symlinking: /home/sky/elly_lp/install/myagv_description/share/myagv_description/package.dsv
[5.132s] -- Symlinking: /home/sky/elly_lp/install/myagv_description/share/ament_index/resource_index/packages/myagv_description
[5.157s] -- Symlinking: /home/sky/elly_lp/install/myagv_description/share/myagv_description/cmake/myagv_descriptionConfig.cmake
[5.183s] -- Symlinking: /home/sky/elly_lp/install/myagv_description/share/myagv_description/cmake/myagv_descriptionConfig-version.cmake
[5.207s] -- Symlinking: /home/sky/elly_lp/install/myagv_description/share/myagv_description/package.xml
[5.236s] Invoked command in '/home/sky/elly_lp/build/myagv_description' returned '0': CMAKE_PREFIX_PATH=/opt/ros/galactic /usr/bin/cmake --install /home/sky/elly_lp/build/myagv_description
