[0.047s] Invoking command in '/home/sky/elly_lp/build/myagv_description': CMAKE_PREFIX_PATH=/opt/ros/galactic /usr/bin/cmake --build /home/sky/elly_lp/build/myagv_description -- -j16 -l16
[0.332s] Invoked command in '/home/sky/elly_lp/build/myagv_description' returned '0': CMAKE_PREFIX_PATH=/opt/ros/galactic /usr/bin/cmake --build /home/sky/elly_lp/build/myagv_description -- -j16 -l16
[0.368s] Invoking command in '/home/sky/elly_lp/build/myagv_description': CMAKE_PREFIX_PATH=/opt/ros/galactic /usr/bin/cmake --install /home/sky/elly_lp/build/myagv_description
[0.388s] -- Install configuration: ""
[0.389s] -- Execute custom install script
[0.392s] -- Up-to-date symlink: /home/sky/elly_lp/install/myagv_description/share/myagv_description/meshes/myagv_base.dae
[0.393s] -- Up-to-date symlink: /home/sky/elly_lp/install/myagv_description/share/myagv_description/meshes/myagv_up.dae
[0.394s] -- Up-to-date symlink: /home/sky/elly_lp/install/myagv_description/share/myagv_description/urdf/myAGV.urdf
[0.394s] -- Up-to-date symlink: /home/sky/elly_lp/install/myagv_description/share/ament_index/resource_index/package_run_dependencies/myagv_description
[0.395s] -- Up-to-date symlink: /home/sky/elly_lp/install/myagv_description/share/ament_index/resource_index/parent_prefix_path/myagv_description
[0.396s] -- Up-to-date symlink: /home/sky/elly_lp/install/myagv_description/share/myagv_description/environment/ament_prefix_path.sh
[0.397s] -- Up-to-date symlink: /home/sky/elly_lp/install/myagv_description/share/myagv_description/environment/ament_prefix_path.dsv
[0.397s] -- Up-to-date symlink: /home/sky/elly_lp/install/myagv_description/share/myagv_description/environment/path.sh
[0.398s] -- Up-to-date symlink: /home/sky/elly_lp/install/myagv_description/share/myagv_description/environment/path.dsv
[0.398s] -- Up-to-date symlink: /home/sky/elly_lp/install/myagv_description/share/myagv_description/local_setup.bash
[0.399s] -- Up-to-date symlink: /home/sky/elly_lp/install/myagv_description/share/myagv_description/local_setup.sh
[0.399s] -- Up-to-date symlink: /home/sky/elly_lp/install/myagv_description/share/myagv_description/local_setup.zsh
[0.400s] -- Up-to-date symlink: /home/sky/elly_lp/install/myagv_description/share/myagv_description/local_setup.dsv
[0.400s] -- Symlinking: /home/sky/elly_lp/install/myagv_description/share/myagv_description/package.dsv
[0.426s] -- Up-to-date symlink: /home/sky/elly_lp/install/myagv_description/share/ament_index/resource_index/packages/myagv_description
[0.426s] -- Up-to-date symlink: /home/sky/elly_lp/install/myagv_description/share/myagv_description/cmake/myagv_descriptionConfig.cmake
[0.427s] -- Up-to-date symlink: /home/sky/elly_lp/install/myagv_description/share/myagv_description/cmake/myagv_descriptionConfig-version.cmake
[0.427s] -- Up-to-date symlink: /home/sky/elly_lp/install/myagv_description/share/myagv_description/package.xml
[0.433s] Invoked command in '/home/sky/elly_lp/build/myagv_description' returned '0': CMAKE_PREFIX_PATH=/opt/ros/galactic /usr/bin/cmake --install /home/sky/elly_lp/build/myagv_description
